
Allocating common symbols
Common symbol       size              file

msg_event_handler   0x4               ./raw-os/raw_obj.o
task_0_events       0x2               ./raw-os/raw_obj.o
mutex_recursion_levels
                    0x1               ./raw-os/raw_obj.o
raw_idle_count      0x8               ./raw-os/raw_obj.o
tick_semaphore_obj  0x18              ./raw-os/raw_obj.o
idle_task_exit      0x1               ./raw-os/raw_obj.o
raw_timer_ctrl      0x4               ./raw-os/raw_obj.o
tick_head           0x40              ./raw-os/raw_obj.o
test_task_stack1    0x400             ./src/main.o
idle_stack          0x400             ./raw-os/raw_obj.o
tick_task_stack     0x400             ./raw-os/raw_obj.o
raw_os_active       0x1               ./raw-os/raw_obj.o
timer_task_stack    0x400             ./raw-os/raw_obj.o
raw_task_debug      0x8               ./raw-os/raw_obj.o
raw_timer_count     0x4               ./raw-os/raw_obj.o
mutex_recursion_max_levels
                    0x1               ./raw-os/raw_obj.o
timer_mutex         0x1c              ./raw-os/raw_obj.o
tick_task_obj       0x70              ./raw-os/raw_obj.o
raw_tick_count      0x4               ./raw-os/raw_obj.o
raw_task_active     0x4               ./raw-os/raw_obj.o
task_0_event_end    0x2               ./raw-os/raw_obj.o
free_object_int_msg
                    0x4               ./raw-os/raw_obj.o
peak_events         0x2               ./raw-os/raw_obj.o
task_0_event_head   0x2               ./raw-os/raw_obj.o
int_msg_full        0x4               ./raw-os/raw_obj.o
task_0_stack        0x400             ./raw-os/raw_obj.o
raw_ready_queue     0x1fc             ./raw-os/raw_obj.o
timer_sem           0x18              ./raw-os/raw_obj.o
task_0_exit         0x1               ./raw-os/raw_obj.o
test_task_obj       0x460             ./src/main.o
raw_int_nesting     0x1               ./raw-os/raw_obj.o
high_ready_obj      0x4               ./raw-os/raw_obj.o
raw_idle_obj        0x70              ./raw-os/raw_obj.o
task_0_events_queue
                    0x180             ./raw-os/raw_obj.o
timer_head          0x20              ./raw-os/raw_obj.o
raw_timer_obj       0x70              ./raw-os/raw_obj.o
object_int_msg      0x1e0             ./raw-os/raw_obj.o
raw_sched_lock      0x1               ./raw-os/raw_obj.o
task_0_event_handler
                    0x4               ./raw-os/raw_obj.o
raw_task_0_obj      0x70              ./raw-os/raw_obj.o

Discarded input sections

 .group         0x00000000        0x8 ./src/main.o
 .group         0x00000000        0x8 ./src/main.o
 .group         0x00000000        0x8 ./src/main.o
 .group         0x00000000        0x8 ./src/main.o
 .group         0x00000000        0x8 ./src/main.o
 .group         0x00000000        0x8 ./src/main.o
 .group         0x00000000        0x8 ./src/main.o
 .group         0x00000000        0x8 ./src/main.o
 .group         0x00000000        0x8 ./src/main.o
 .group         0x00000000        0x8 ./src/main.o
 .group         0x00000000        0x8 ./src/main.o
 .group         0x00000000        0x8 ./src/main.o
 .group         0x00000000        0x8 ./src/main.o
 .group         0x00000000        0x8 ./src/main.o
 .group         0x00000000        0x8 ./src/main.o
 .group         0x00000000        0x8 ./src/main.o
 .group         0x00000000        0x8 ./src/main.o
 .group         0x00000000        0x8 ./src/main.o
 .group         0x00000000        0x8 ./src/main.o
 .group         0x00000000        0x8 ./src/main.o
 .group         0x00000000        0x8 ./src/main.o
 .group         0x00000000        0x8 ./src/main.o
 .group         0x00000000        0x8 ./src/main.o
 .group         0x00000000        0x8 ./src/main.o
 .group         0x00000000        0x8 ./src/main.o
 .group         0x00000000        0x8 ./src/main.o
 .group         0x00000000        0x8 ./src/main.o
 .group         0x00000000        0x8 ./src/main.o
 .group         0x00000000        0x8 ./src/main.o
 .group         0x00000000        0x8 ./src/main.o
 .group         0x00000000        0x8 ./src/main.o
 .group         0x00000000        0x8 ./src/main.o
 .group         0x00000000        0x8 ./src/main.o
 .group         0x00000000        0x8 ./src/main.o
 .group         0x00000000        0x8 ./src/main.o
 .group         0x00000000        0x8 ./src/main.o
 .group         0x00000000        0x8 ./src/main.o
 .group         0x00000000        0x8 ./src/main.o
 .group         0x00000000        0x8 ./src/main.o
 .group         0x00000000        0x8 ./src/main.o
 .group         0x00000000        0x8 ./src/main.o
 .group         0x00000000        0x8 ./src/main.o
 .group         0x00000000        0x8 ./src/main.o
 .group         0x00000000        0x8 ./src/main.o
 .group         0x00000000        0x8 ./src/main.o
 .group         0x00000000        0x8 ./src/main.o
 .group         0x00000000        0x8 ./src/main.o
 .group         0x00000000        0x8 ./src/main.o
 .group         0x00000000        0x8 ./src/main.o
[...]
Memory Configuration

Name             Origin             Length             Attributes
FLASH            0x08000000         0x00020000         xr
RAM              0x20000000         0x00010000         xrw
MEMORY_B1        0x60000000         0x00000000         xr
*default*        0x00000000         0xffffffff

Linker script and memory map

LOAD ./src/main.o
LOAD ./rawport/context_gcc.o
LOAD ./rawport/port.o
LOAD ./rawport/port_hook.o
LOAD ./rawport/raw_trace_port.o
LOAD ./rawport/user_extension.o
LOAD ./raw-os/raw_block.o
LOAD ./raw-os/raw_byte.o
LOAD ./raw-os/raw_event.o
LOAD ./raw-os/raw_idle.o
LOAD ./raw-os/raw_idle_event.o
LOAD ./raw-os/raw_mqueue.o
LOAD ./raw-os/raw_mutex.o
LOAD ./raw-os/raw_obj.o
LOAD ./raw-os/raw_pend.o
LOAD ./raw-os/raw_queue.o
LOAD ./raw-os/raw_queue_buffer.o
LOAD ./raw-os/raw_queue_size.o
LOAD ./raw-os/raw_sched.o
LOAD ./raw-os/raw_sem.o
LOAD ./raw-os/raw_stat.o
LOAD ./raw-os/raw_stm.o
LOAD ./raw-os/raw_system.o
LOAD ./raw-os/raw_task.o
LOAD ./raw-os/raw_task_0.o
LOAD ./raw-os/raw_task_queue_size.o
LOAD ./raw-os/raw_task_sem.o
LOAD ./raw-os/raw_tick.o
LOAD ./raw-os/raw_timer.o
LOAD ./libs/STM32F10x_StdPeriph_Driver/src/misc.o
LOAD ./libs/STM32F10x_StdPeriph_Driver/src/stm32f10x_adc.o
LOAD ./libs/STM32F10x_StdPeriph_Driver/src/stm32f10x_bkp.o
LOAD ./libs/STM32F10x_StdPeriph_Driver/src/stm32f10x_can.o
LOAD ./libs/STM32F10x_StdPeriph_Driver/src/stm32f10x_cec.o
LOAD ./libs/STM32F10x_StdPeriph_Driver/src/stm32f10x_crc.o
LOAD ./libs/STM32F10x_StdPeriph_Driver/src/stm32f10x_dac.o
LOAD ./libs/STM32F10x_StdPeriph_Driver/src/stm32f10x_dbgmcu.o
LOAD ./libs/STM32F10x_StdPeriph_Driver/src/stm32f10x_dma.o
LOAD ./libs/STM32F10x_StdPeriph_Driver/src/stm32f10x_exti.o
LOAD ./libs/STM32F10x_StdPeriph_Driver/src/stm32f10x_flash.o
LOAD ./libs/STM32F10x_StdPeriph_Driver/src/stm32f10x_fsmc.o
LOAD ./libs/STM32F10x_StdPeriph_Driver/src/stm32f10x_gpio.o
LOAD ./libs/STM32F10x_StdPeriph_Driver/src/stm32f10x_i2c.o
LOAD ./libs/STM32F10x_StdPeriph_Driver/src/stm32f10x_iwdg.o
LOAD ./libs/STM32F10x_StdPeriph_Driver/src/stm32f10x_pwr.o
LOAD ./libs/STM32F10x_StdPeriph_Driver/src/stm32f10x_rcc.o
LOAD ./libs/STM32F10x_StdPeriph_Driver/src/stm32f10x_rtc.o
LOAD ./libs/STM32F10x_StdPeriph_Driver/src/stm32f10x_sdio.o
LOAD ./libs/STM32F10x_StdPeriph_Driver/src/stm32f10x_spi.o
LOAD ./libs/STM32F10x_StdPeriph_Driver/src/stm32f10x_tim.o
LOAD ./libs/STM32F10x_StdPeriph_Driver/src/stm32f10x_usart.o
LOAD ./libs/STM32F10x_StdPeriph_Driver/src/stm32f10x_wwdg.o
LOAD ./libs/CMSIS/CM3/DeviceSupport/ST/STM32F10x/startup/gcc_ride7/startup_stm32f10x_hd.o
LOAD ./libs/CMSIS/CM3/DeviceSupport/ST/STM32F10x/system_stm32f10x.o
LOAD ./libs/CMSIS/CM3/CoreSupport/core_cm3.o
START GROUP
LOAD d:/yagarto-20121222/bin/../lib/gcc/arm-none-eabi/4.7.2/thumb/v7m\libgcc.a
LOAD d:/yagarto-20121222/bin/../lib/gcc/arm-none-eabi/4.7.2/../../../../arm-none-eabi/lib/thumb/v7m\libg.a
LOAD d:/yagarto-20121222/bin/../lib/gcc/arm-none-eabi/4.7.2/../../../../arm-none-eabi/lib/thumb/v7m\libc.a
END GROUP
                0x20010000                _estack = 0x20010000
                0x00004000                _Min_Heap_Size = 0x4000
                0x00004000                _Min_Stack_Size = 0x4000

.isr_vector     0x08000000      0x1e4
                0x08000000                . = ALIGN (0x4)
 *(.isr_vector)
 .isr_vector    0x08000000      0x1e4 ./libs/CMSIS/CM3/DeviceSupport/ST/STM32F10x/startup/gcc_ride7/startup_stm32f10x_hd.o
                0x08000000                g_pfnVectors
                0x080001e4                . = ALIGN (0x4)

.text           0x080001e4     0x4778
                0x080001e4                . = ALIGN (0x4)
 *(.text)
 .text          0x080001e4       0xa4 ./rawport/context_gcc.o
                0x080001e4                OS_CPU_SR_Save
                0x080001ec                OS_CPU_SR_Restore
                0x080001f2                CPU_IntDis
                0x080001f6                CPU_IntEn
                0x080001fa                raw_start_first_task
                0x0800021e                port_task_switch
                0x08000226                raw_int_switch
                0x0800022e                PendSV_Handler
 *(.text*)
 .text.test_task1
                0x08000288       0x38 ./src/main.o
                0x08000288                test_task1
 .text.task_test
                0x080002c0       0x4c ./src/main.o
                0x080002c0                task_test
 .text.sys_init
                0x0800030c       0x90 ./src/main.o
                0x0800030c                sys_init
 .text.main     0x0800039c       0x20 ./src/main.o
                0x0800039c                main
 .text.NVIC_SetPriority
                0x080003bc       0x5c ./rawport/port.o
 .text.SysTick_Config
                0x08000418       0x64 ./rawport/port.o
 .text.port_stack_init
                0x0800047c      0x130 ./rawport/port.o
                0x0800047c                port_stack_init
 .text.sys_tick_init
                0x080005ac       0x30 ./rawport/port.o
                0x080005ac                sys_tick_init
 .text.SysTick_Handler
                0x080005dc       0x14 ./rawport/port.o
                0x080005dc                SysTick_Handler
 .text.raw_os_init_hook
                0x080005f0        0xc ./rawport/port_hook.o
                0x080005f0                raw_os_init_hook
 .text.raw_tick_hook
                0x080005fc        0xc ./rawport/port_hook.o
                0x080005fc                raw_tick_hook
 .text.task_create_hook
                0x08000608       0x14 ./rawport/port_hook.o
                0x08000608                task_create_hook
 .text.raw_idle_coroutine_hook
                0x0800061c        0x8 ./rawport/port_hook.o
                0x0800061c                raw_idle_coroutine_hook
 .text.raw_memset
                0x08000624       0xe4 ./rawport/user_extension.o
                0x08000624                raw_memset
 .text.event_set
                0x08000708      0x1ec ./raw-os/raw_event.o
                0x08000708                event_set
 .text.raw_idle_task
                0x080008f4       0x48 ./raw-os/raw_idle.o
                0x080008f4                raw_idle_task
 .text.list_init
                0x0800093c       0x20 ./raw-os/raw_mutex.o
 .text.is_list_empty
                0x0800095c       0x24 ./raw-os/raw_mutex.o
 .text.raw_mutex_create
                0x08000980       0x8c ./raw-os/raw_mutex.o
                0x08000980                raw_mutex_create
 .text.release_mutex
                0x08000a0c       0xa8 ./raw-os/raw_mutex.o
 .text.mtx_chg_pri
                0x08000ab4       0xd0 ./raw-os/raw_mutex.o
                0x08000ab4                mtx_chg_pri
 .text.mutex_state_change
                0x08000b84       0x44 ./raw-os/raw_mutex.o
                0x08000b84                mutex_state_change
 .text.raw_mutex_get
                0x08000bc8      0x348 ./raw-os/raw_mutex.o
                0x08000bc8                raw_mutex_get
 .text.raw_mutex_put
                0x08000f10      0x248 ./raw-os/raw_mutex.o
                0x08000f10                raw_mutex_put
 .text.list_init
                0x08001158       0x20 ./raw-os/raw_pend.o
 .text.is_list_empty
                0x08001178       0x24 ./raw-os/raw_pend.o
 .text.list_insert
                0x0800119c       0x30 ./raw-os/raw_pend.o
 .text.list_delete
                0x080011cc       0x28 ./raw-os/raw_pend.o
 .text.run_queue_init
                0x080011f4       0x44 ./raw-os/raw_pend.o
                0x080011f4                run_queue_init
 .text.add_to_priority_list
                0x08001238       0x58 ./raw-os/raw_pend.o
 .text.bit_clear
                0x08001290       0x40 ./raw-os/raw_pend.o
 .text.bit_set  0x080012d0       0x3c ./raw-os/raw_pend.o
 .text.add_ready_list_head
                0x0800130c       0x54 ./raw-os/raw_pend.o
                0x0800130c                add_ready_list_head
 .text.add_ready_list_end
                0x08001360       0x54 ./raw-os/raw_pend.o
                0x08001360                add_ready_list_end
 .text.add_ready_list
                0x080013b4       0x38 ./raw-os/raw_pend.o
                0x080013b4                add_ready_list
 .text.remove_ready_list
                0x080013ec       0xa0 ./raw-os/raw_pend.o
                0x080013ec                remove_ready_list
 .text.move_to_ready_list_end
                0x0800148c       0x40 ./raw-os/raw_pend.o
                0x0800148c                move_to_ready_list_end
 .text.get_ready_task
                0x080014cc       0x58 ./raw-os/raw_pend.o
                0x080014cc                get_ready_task
 .text.pend_task_wake_up
                0x08001524       0xa4 ./raw-os/raw_pend.o
 .text.raw_wake_object
                0x080015c8       0x1c ./raw-os/raw_pend.o
                0x080015c8                raw_wake_object
 .text.wake_send_msg
                0x080015e4       0x24 ./raw-os/raw_pend.o
                0x080015e4                wake_send_msg
 .text.wake_send_msg_size
                0x08001608       0x2c ./raw-os/raw_pend.o
                0x08001608                wake_send_msg_size
 .text.raw_pend_object
                0x08001634       0x8c ./raw-os/raw_pend.o
                0x08001634                raw_pend_object
 .text.change_pend_list_priority
                0x080016c0       0x38 ./raw-os/raw_pend.o
                0x080016c0                change_pend_list_priority
 .text.is_list_empty
                0x080016f8       0x24 ./raw-os/raw_queue.o
 .text.msg_post
                0x0800171c      0x224 ./raw-os/raw_queue.o
                0x0800171c                msg_post
 .text.is_list_empty
                0x08001940       0x24 ./raw-os/raw_queue_size.o
 .text.msg_size_post
                0x08001964      0x228 ./raw-os/raw_queue_size.o
                0x08001964                msg_size_post
 .text.list_init
                0x08001b8c       0x20 ./raw-os/raw_sched.o
 .text.is_list_empty
                0x08001bac       0x24 ./raw-os/raw_sched.o
 .text.raw_sched
                0x08001bd0       0x70 ./raw-os/raw_sched.o
                0x08001bd0                raw_sched
 .text.raw_os_init
                0x08001c40       0xa8 ./raw-os/raw_sched.o
                0x08001c40                raw_os_init
 .text.raw_os_start
                0x08001ce8       0x54 ./raw-os/raw_sched.o
                0x08001ce8                raw_os_start
 .text.calculate_time_slice
                0x08001d3c      0x1dc ./raw-os/raw_sched.o
                0x08001d3c                calculate_time_slice
 .text.list_init
                0x08001f18       0x20 ./raw-os/raw_sem.o
 .text.is_list_empty
                0x08001f38       0x24 ./raw-os/raw_sem.o
 .text.raw_semaphore_create
                0x08001f5c       0x60 ./raw-os/raw_sem.o
                0x08001f5c                raw_semaphore_create
 .text.semaphore_put
                0x08001fbc      0x1b4 ./raw-os/raw_sem.o
                0x08001fbc                semaphore_put
 .text.raw_semaphore_put
                0x08002170       0x68 ./raw-os/raw_sem.o
                0x08002170                raw_semaphore_put
 .text.raw_semaphore_get
                0x080021d8      0x1fc ./raw-os/raw_sem.o
                0x080021d8                raw_semaphore_get
 .text.raw_semaphore_set
                0x080023d4      0x150 ./raw-os/raw_sem.o
                0x080023d4                raw_semaphore_set
 .text.raw_stack_check
                0x08002524       0x54 ./raw-os/raw_stat.o
                0x08002524                raw_stack_check
 .text.raw_finish_int
                0x08002578       0xac ./raw-os/raw_system.o
                0x08002578                raw_finish_int
 .text.raw_enter_interrupt
                0x08002624       0x54 ./raw-os/raw_system.o
                0x08002624                raw_enter_interrupt
 .text.block_state_post_process
                0x08002678       0x80 ./raw-os/raw_system.o
                0x08002678                block_state_post_process
 .text.bit_search_first_one
                0x080026f8       0xe8 ./raw-os/raw_system.o
                0x080026f8                bit_search_first_one
 .text.list_insert
                0x080027e0       0x30 ./raw-os/raw_task.o
 .text.raw_task_create
                0x08002810      0x32c ./raw-os/raw_task.o
                0x08002810                raw_task_create
 .text.raw_sleep
                0x08002b3c      0x164 ./raw-os/raw_task.o
                0x08002b3c                raw_sleep
 .text.task_suspend
                0x08002ca0      0x208 ./raw-os/raw_task.o
                0x08002ca0                task_suspend
 .text.task_resume
                0x08002ea8      0x1d4 ./raw-os/raw_task.o
                0x08002ea8                task_resume
 .text.change_internal_task_priority
                0x0800307c       0xbc ./raw-os/raw_task.o
                0x0800307c                change_internal_task_priority
 .text.task_0_tick_handler
                0x08003138       0x30 ./raw-os/raw_task_0.o
 .text.task_0_tick_post
                0x08003168       0x34 ./raw-os/raw_task_0.o
                0x08003168                task_0_tick_post
 .text.task_0_post
                0x0800319c      0x18c ./raw-os/raw_task_0.o
 .text.raw_task_0_post
                0x08003328       0x2c ./raw-os/raw_task_0.o
                0x08003328                raw_task_0_post
 .text.task_0_process
                0x08003354      0x154 ./raw-os/raw_task_0.o
 .text.hybrid_int_process
                0x080034a8      0x1a4 ./raw-os/raw_task_0.o
                0x080034a8                hybrid_int_process
 .text.int_msg_handler
                0x0800364c      0x1d8 ./raw-os/raw_task_0.o
 .text.int_msg_init
                0x08003824       0x98 ./raw-os/raw_task_0.o
 .text.int_msg_post
                0x080038bc       0xec ./raw-os/raw_task_0.o
                0x080038bc                int_msg_post
 .text.raw_task_0_init
                0x080039a8       0x64 ./raw-os/raw_task_0.o
                0x080039a8                raw_task_0_init
 .text.raw_task_semaphore_create
                0x08003a0c       0x30 ./raw-os/raw_task_sem.o
                0x08003a0c                raw_task_semaphore_create
 .text.raw_task_semaphore_put
                0x08003a3c       0x20 ./raw-os/raw_task_sem.o
                0x08003a3c                raw_task_semaphore_put
 .text.raw_task_semaphore_get
                0x08003a5c       0x28 ./raw-os/raw_task_sem.o
                0x08003a5c                raw_task_semaphore_get
 .text.list_init
                0x08003a84       0x20 ./raw-os/raw_tick.o
 .text.list_insert
                0x08003aa4       0x30 ./raw-os/raw_tick.o
 .text.list_delete
                0x08003ad4       0x28 ./raw-os/raw_tick.o
 .text.tick_list_init
                0x08003afc       0x3c ./raw-os/raw_tick.o
                0x08003afc                tick_list_init
 .text.tick_list_priority_insert
                0x08003b38       0x68 ./raw-os/raw_tick.o
 .text.tick_list_insert
                0x08003ba0       0x5c ./raw-os/raw_tick.o
                0x08003ba0                tick_list_insert
 .text.tick_list_remove
                0x08003bfc       0x30 ./raw-os/raw_tick.o
                0x08003bfc                tick_list_remove
 .text.tick_list_update
                0x08003c2c      0x1e8 ./raw-os/raw_tick.o
                0x08003c2c                tick_list_update
 .text.tick_task_process
                0x08003e14       0x34 ./raw-os/raw_tick.o
 .text.tick_task_start
                0x08003e48       0x6c ./raw-os/raw_tick.o
                0x08003e48                tick_task_start
 .text.list_init
                0x08003eb4       0x20 ./raw-os/raw_timer.o
 .text.list_insert
                0x08003ed4       0x30 ./raw-os/raw_timer.o
 .text.list_delete
                0x08003f04       0x28 ./raw-os/raw_timer.o
 .text.timer_list_init
                0x08003f2c       0x3c ./raw-os/raw_timer.o
 .text.timer_list_priority_insert
                0x08003f68       0x60 ./raw-os/raw_timer.o
 .text.timer_list_remove
                0x08003fc8       0x2c ./raw-os/raw_timer.o
 .text.timer_task
                0x08003ff4      0x178 ./raw-os/raw_timer.o
                0x08003ff4                timer_task
 .text.call_timer_task
                0x0800416c       0x48 ./raw-os/raw_timer.o
                0x0800416c                call_timer_task
 .text.raw_timer_init
                0x080041b4       0x78 ./raw-os/raw_timer.o
                0x080041b4                raw_timer_init
 .text.NVIC_PriorityGroupConfig
                0x0800422c       0x28 ./libs/STM32F10x_StdPeriph_Driver/src/misc.o
                0x0800422c                NVIC_PriorityGroupConfig
 .text.NVIC_SetVectorTable
                0x08004254       0x2c ./libs/STM32F10x_StdPeriph_Driver/src/misc.o
                0x08004254                NVIC_SetVectorTable
 .text.GPIO_Init
                0x08004280      0x1b0 ./libs/STM32F10x_StdPeriph_Driver/src/stm32f10x_gpio.o
                0x08004280                GPIO_Init
 .text.RCC_GetClocksFreq
                0x08004430      0x1d4 ./libs/STM32F10x_StdPeriph_Driver/src/stm32f10x_rcc.o
                0x08004430                RCC_GetClocksFreq
 .text.RCC_APB2PeriphClockCmd
                0x08004604       0x54 ./libs/STM32F10x_StdPeriph_Driver/src/stm32f10x_rcc.o
                0x08004604                RCC_APB2PeriphClockCmd
 .text.RCC_APB1PeriphClockCmd
                0x08004658       0x54 ./libs/STM32F10x_StdPeriph_Driver/src/stm32f10x_rcc.o
                0x08004658                RCC_APB1PeriphClockCmd
 .text.Reset_Handler
                0x080046ac       0x4c ./libs/CMSIS/CM3/DeviceSupport/ST/STM32F10x/startup/gcc_ride7/startup_stm32f10x_hd.o
                0x080046ac                Reset_Handler
 .text.Default_Handler
                0x080046f8        0x4 ./libs/CMSIS/CM3/DeviceSupport/ST/STM32F10x/startup/gcc_ride7/startup_stm32f10x_hd.o
                0x080046f8                EXTI2_IRQHandler
                0x080046f8                TIM8_TRG_COM_IRQHandler
                0x080046f8                TIM8_CC_IRQHandler
                0x080046f8                DebugMon_Handler
                0x080046f8                TIM1_CC_IRQHandler
                0x080046f8                HardFault_Handler
                0x080046f8                TIM6_IRQHandler
                0x080046f8                PVD_IRQHandler
                0x080046f8                SDIO_IRQHandler
                0x080046f8                NMI_Handler
                0x080046f8                EXTI3_IRQHandler
                0x080046f8                EXTI0_IRQHandler
                0x080046f8                I2C2_EV_IRQHandler
                0x080046f8                UsageFault_Handler
                0x080046f8                ADC1_2_IRQHandler
                0x080046f8                SPI1_IRQHandler
                0x080046f8                TAMPER_IRQHandler
                0x080046f8                TIM8_UP_IRQHandler
                0x080046f8                DMA2_Channel2_IRQHandler
                0x080046f8                DMA1_Channel4_IRQHandler
                0x080046f8                USART3_IRQHandler
                0x080046f8                RTC_IRQHandler
                0x080046f8                DMA1_Channel7_IRQHandler
                0x080046f8                CAN1_RX1_IRQHandler
                0x080046f8                UART5_IRQHandler
                0x080046f8                ADC3_IRQHandler
                0x080046f8                TIM4_IRQHandler
                0x080046f8                DMA2_Channel1_IRQHandler
                0x080046f8                I2C1_EV_IRQHandler
                0x080046f8                DMA1_Channel6_IRQHandler
                0x080046f8                UART4_IRQHandler
                0x080046f8                TIM3_IRQHandler
                0x080046f8                RCC_IRQHandler
                0x080046f8                TIM1_TRG_COM_IRQHandler
                0x080046f8                DMA1_Channel1_IRQHandler
                0x080046f8                Default_Handler
                0x080046f8                EXTI15_10_IRQHandler
                0x080046f8                TIM7_IRQHandler
                0x080046f8                TIM5_IRQHandler
                0x080046f8                EXTI9_5_IRQHandler
                0x080046f8                SPI2_IRQHandler
                0x080046f8                MemManage_Handler
                0x080046f8                SVC_Handler
                0x080046f8                DMA1_Channel5_IRQHandler
                0x080046f8                EXTI4_IRQHandler
                0x080046f8                USB_LP_CAN1_RX0_IRQHandler
                0x080046f8                USB_HP_CAN1_TX_IRQHandler
                0x080046f8                DMA1_Channel3_IRQHandler
                0x080046f8                FSMC_IRQHandler
                0x080046f8                TIM1_UP_IRQHandler
                0x080046f8                WWDG_IRQHandler
                0x080046f8                TIM2_IRQHandler
                0x080046f8                TIM1_BRK_IRQHandler
                0x080046f8                EXTI1_IRQHandler
                0x080046f8                RTCAlarm_IRQHandler
                0x080046f8                DMA2_Channel4_5_IRQHandler
                0x080046f8                USART2_IRQHandler
                0x080046f8                I2C2_ER_IRQHandler
                0x080046f8                DMA1_Channel2_IRQHandler
                0x080046f8                TIM8_BRK_IRQHandler
                0x080046f8                CAN1_SCE_IRQHandler
                0x080046f8                FLASH_IRQHandler
                0x080046f8                BusFault_Handler
                0x080046f8                USART1_IRQHandler
                0x080046f8                SPI3_IRQHandler
                0x080046f8                I2C1_ER_IRQHandler
                0x080046f8                USBWakeUp_IRQHandler
                0x080046f8                DMA2_Channel3_IRQHandler
 .text.SystemInit
                0x080046fc       0xa8 ./libs/CMSIS/CM3/DeviceSupport/ST/STM32F10x/system_stm32f10x.o
                0x080046fc                SystemInit
 .text.SetSysClock
                0x080047a4        0xc ./libs/CMSIS/CM3/DeviceSupport/ST/STM32F10x/system_stm32f10x.o
 .text.SetSysClockTo72
                0x080047b0      0x1ac ./libs/CMSIS/CM3/DeviceSupport/ST/STM32F10x/system_stm32f10x.o
 *(.glue_7)
 .glue_7        0x00000000        0x0 linker stubs
 *(.glue_7t)
 .glue_7t       0x00000000        0x0 linker stubs
 *(.eh_frame)
 *(.init)
 *(.fini)
                0x0800495c                . = ALIGN (0x4)
                0x0800495c                _etext = .

.vfp11_veneer   0x0800495c        0x0
 .vfp11_veneer  0x00000000        0x0 linker stubs

.v4_bx          0x0800495c        0x0
 .v4_bx         0x00000000        0x0 linker stubs

.iplt           0x0800495c        0x0
 .iplt          0x00000000        0x0 ./src/main.o

.rodata         0x0800495c       0x74
                0x0800495c                . = ALIGN (0x4)
 *(.rodata)
 .rodata        0x0800495c        0x8 ./src/main.o
 .rodata        0x08004964       0x18 ./raw-os/raw_sched.o
 .rodata        0x0800497c       0x10 ./raw-os/raw_task_0.o
 .rodata        0x0800498c       0x28 ./raw-os/raw_tick.o
 .rodata        0x080049b4       0x1c ./raw-os/raw_timer.o
 *(.rodata*)
                0x080049d0                . = ALIGN (0x4)

.rel.dyn        0x080049d0        0x0
 .rel.iplt      0x00000000        0x0 ./src/main.o

.ARM.extab
 *(.ARM.extab* .gnu.linkonce.armextab.*)

.ARM            0x080049d0        0x0
                0x080049d0                __exidx_start = .
 *(.ARM.exidx*)
                0x080049d0                __exidx_end = .

.preinit_array  0x080049d0        0x0
                0x080049d0                PROVIDE (__preinit_array_start, .)
 *(.preinit_array*)
                0x080049d0                PROVIDE (__preinit_array_end, .)

.init_array     0x080049d0        0x0
                0x080049d0                PROVIDE (__init_array_start, .)
 *(SORT(.init_array.*))
 *(.init_array*)
                0x080049d0                PROVIDE (__init_array_end, .)

.fini_array     0x080049d0        0x0
                0x080049d0                PROVIDE (__fini_array_start, .)
 *(SORT(.fini_array.*))
 *(.fini_array*)
                0x080049d0                PROVIDE (__fini_array_end, .)
                0x080049d0                _sidata = LOADADDR (.data)

.data           0x20000000       0x14 load address 0x080049d0
                0x20000000                . = ALIGN (0x4)
                0x20000000                _sdata = .
 *(.data)
 *(.data*)
 .data.APBAHBPrescTable
                0x20000000       0x10 ./libs/STM32F10x_StdPeriph_Driver/src/stm32f10x_rcc.o
 .data.ADCPrescTable
                0x20000010        0x4 ./libs/STM32F10x_StdPeriph_Driver/src/stm32f10x_rcc.o
                0x20000014                . = ALIGN (0x4)
                0x20000014                _edata = .

.igot.plt       0x20000014        0x0 load address 0x080049e4
 .igot.plt      0x00000000        0x0 ./src/main.o
                0x20000014                . = ALIGN (0x4)

.bss            0x20000018     0x207c load address 0x080049e8
                0x20000018                _sbss = .
                0x20000018                __bss_start__ = _sbss
 *(.bss)
 *(.bss*)
 *(COMMON)
 COMMON         0x20000018      0x860 ./src/main.o
                0x20000018                test_task_stack1
                0x20000418                test_task_obj
 COMMON         0x20000878     0x181c ./raw-os/raw_obj.o
                0x20000878                msg_event_handler
                0x2000087c                task_0_events
                0x2000087e                mutex_recursion_levels
                0x20000880                raw_idle_count
                0x20000888                tick_semaphore_obj
                0x200008a0                idle_task_exit
                0x200008a4                raw_timer_ctrl
                0x200008a8                tick_head
                0x200008e8                idle_stack
                0x20000ce8                tick_task_stack
                0x200010e8                raw_os_active
                0x200010ec                timer_task_stack
                0x200014ec                raw_task_debug
                0x200014f4                raw_timer_count
                0x200014f8                mutex_recursion_max_levels
                0x200014fc                timer_mutex
                0x20001518                tick_task_obj
                0x20001588                raw_tick_count
                0x2000158c                raw_task_active
                0x20001590                task_0_event_end
                0x20001594                free_object_int_msg
                0x20001598                peak_events
                0x2000159a                task_0_event_head
                0x2000159c                int_msg_full
                0x200015a0                task_0_stack
                0x200019a0                raw_ready_queue
                0x20001b9c                timer_sem
                0x20001bb4                task_0_exit
                0x20001bb5                raw_int_nesting
                0x20001bb8                high_ready_obj
                0x20001bbc                raw_idle_obj
                0x20001c2c                task_0_events_queue
                0x20001dac                timer_head
                0x20001dcc                raw_timer_obj
                0x20001e3c                object_int_msg
                0x2000201c                raw_sched_lock
                0x20002020                task_0_event_handler
                0x20002024                raw_task_0_obj
                0x20002094                . = ALIGN (0x4)
                0x20002094                _ebss = .
                0x20002094                __bss_end__ = _ebss

._user_heap_stack
                0x20002094     0x8000 load address 0x080049e4
                0x20002094                . = ALIGN (0x4)
                0x20002094                PROVIDE (end, .)
                0x20002094                PROVIDE (_end, .)
                0x20006094                . = (. + _Min_Heap_Size)
 *fill*         0x20002094     0x4000 
                0x2000a094                . = (. + _Min_Stack_Size)
 *fill*         0x20006094     0x4000 
                0x2000a094                . = ALIGN (0x4)

.memory_b1_text
 *(.mb1text)
 *(.mb1text*)
 *(.mb1rodata)
 *(.mb1rodata*)

/DISCARD/
 libc.a(*)
 libm.a(*)
 libgcc.a(*)

.ARM.attributes
                0x00000000       0x31
 *(.ARM.attributes)
 .ARM.attributes
                0x00000000       0x33 ./src/main.o
 .ARM.attributes
                0x00000033       0x21 ./rawport/context_gcc.o
 .ARM.attributes
                0x00000054       0x33 ./rawport/port.o
 .ARM.attributes
                0x00000087       0x33 ./rawport/port_hook.o
 .ARM.attributes
                0x000000ba       0x33 ./rawport/user_extension.o
 .ARM.attributes
                0x000000ed       0x33 ./raw-os/raw_event.o
 .ARM.attributes
                0x00000120       0x33 ./raw-os/raw_idle.o
 .ARM.attributes
                0x00000153       0x33 ./raw-os/raw_mutex.o
 .ARM.attributes
                0x00000186       0x33 ./raw-os/raw_obj.o
 .ARM.attributes
                0x000001b9       0x33 ./raw-os/raw_pend.o
 .ARM.attributes
                0x000001ec       0x33 ./raw-os/raw_queue.o
 .ARM.attributes
                0x0000021f       0x33 ./raw-os/raw_queue_size.o
 .ARM.attributes
                0x00000252       0x33 ./raw-os/raw_sched.o
 .ARM.attributes
                0x00000285       0x33 ./raw-os/raw_sem.o
 .ARM.attributes
                0x000002b8       0x33 ./raw-os/raw_stat.o
 .ARM.attributes
                0x000002eb       0x33 ./raw-os/raw_system.o
 .ARM.attributes
                0x0000031e       0x33 ./raw-os/raw_task.o
 .ARM.attributes
                0x00000351       0x33 ./raw-os/raw_task_0.o
 .ARM.attributes
                0x00000384       0x33 ./raw-os/raw_task_sem.o
 .ARM.attributes
                0x000003b7       0x33 ./raw-os/raw_tick.o
 .ARM.attributes
                0x000003ea       0x33 ./raw-os/raw_timer.o
 .ARM.attributes
                0x0000041d       0x33 ./libs/STM32F10x_StdPeriph_Driver/src/misc.o
 .ARM.attributes
                0x00000450       0x33 ./libs/STM32F10x_StdPeriph_Driver/src/stm32f10x_gpio.o
 .ARM.attributes
                0x00000483       0x33 ./libs/STM32F10x_StdPeriph_Driver/src/stm32f10x_rcc.o
 .ARM.attributes
                0x000004b6       0x21 ./libs/CMSIS/CM3/DeviceSupport/ST/STM32F10x/startup/gcc_ride7/startup_stm32f10x_hd.o
 .ARM.attributes
                0x000004d7       0x33 ./libs/CMSIS/CM3/DeviceSupport/ST/STM32F10x/system_stm32f10x.o
OUTPUT(xxx.elf elf32-littlearm)

.debug_info     0x00000000     0xce07
 .debug_info    0x00000000      0x709 ./src/main.o
 .debug_info    0x00000709       0x7b ./rawport/context_gcc.o
 .debug_info    0x00000784      0x72f ./rawport/port.o
 .debug_info    0x00000eb3      0x582 ./rawport/port_hook.o
 .debug_info    0x00001435      0x190 ./rawport/user_extension.o
 .debug_info    0x000015c5      0x9ce ./raw-os/raw_event.o
 .debug_info    0x00001f93       0xc2 ./raw-os/raw_idle.o
 .debug_info    0x00002055      0xae0 ./raw-os/raw_mutex.o
 .debug_info    0x00002b35      0x95d ./raw-os/raw_obj.o
 .debug_info    0x00003492      0xcfe ./raw-os/raw_pend.o
 .debug_info    0x00004190      0xc71 ./raw-os/raw_queue.o
 .debug_info    0x00004e01      0xb6f ./raw-os/raw_queue_size.o
 .debug_info    0x00005970      0x87f ./raw-os/raw_sched.o
 .debug_info    0x000061ef      0xa1a ./raw-os/raw_sem.o
 .debug_info    0x00006c09      0x508 ./raw-os/raw_stat.o
 .debug_info    0x00007111      0x909 ./raw-os/raw_system.o
 .debug_info    0x00007a1a      0xe85 ./raw-os/raw_task.o
 .debug_info    0x0000889f      0xe31 ./raw-os/raw_task_0.o
 .debug_info    0x000096d0      0x5db ./raw-os/raw_task_sem.o
 .debug_info    0x00009cab      0xa34 ./raw-os/raw_tick.o
 .debug_info    0x0000a6df      0xc48 ./raw-os/raw_timer.o
 .debug_info    0x0000b327      0x54c ./libs/STM32F10x_StdPeriph_Driver/src/misc.o
 .debug_info    0x0000b873      0x736 ./libs/STM32F10x_StdPeriph_Driver/src/stm32f10x_gpio.o
 .debug_info    0x0000bfa9      0x92e ./libs/STM32F10x_StdPeriph_Driver/src/stm32f10x_rcc.o
 .debug_info    0x0000c8d7       0xa3 ./libs/CMSIS/CM3/DeviceSupport/ST/STM32F10x/startup/gcc_ride7/startup_stm32f10x_hd.o
 .debug_info    0x0000c97a      0x48d ./libs/CMSIS/CM3/DeviceSupport/ST/STM32F10x/system_stm32f10x.o

.debug_abbrev   0x00000000     0x2404
 .debug_abbrev  0x00000000      0x1ca ./src/main.o
 .debug_abbrev  0x000001ca       0x14 ./rawport/context_gcc.o
 .debug_abbrev  0x000001de      0x1de ./rawport/port.o
 .debug_abbrev  0x000003bc       0xe7 ./rawport/port_hook.o
 .debug_abbrev  0x000004a3       0xba ./rawport/user_extension.o
 .debug_abbrev  0x0000055d      0x173 ./raw-os/raw_event.o
 .debug_abbrev  0x000006d0       0x8c ./raw-os/raw_idle.o
 .debug_abbrev  0x0000075c      0x1fb ./raw-os/raw_mutex.o
 .debug_abbrev  0x00000957       0xc0 ./raw-os/raw_obj.o
 .debug_abbrev  0x00000a17      0x232 ./raw-os/raw_pend.o
 .debug_abbrev  0x00000c49      0x191 ./raw-os/raw_queue.o
 .debug_abbrev  0x00000dda      0x191 ./raw-os/raw_queue_size.o
 .debug_abbrev  0x00000f6b      0x160 ./raw-os/raw_sched.o
 .debug_abbrev  0x000010cb      0x173 ./raw-os/raw_sem.o
 .debug_abbrev  0x0000123e       0xfb ./raw-os/raw_stat.o
 .debug_abbrev  0x00001339      0x1ea ./raw-os/raw_system.o
 .debug_abbrev  0x00001523      0x20e ./raw-os/raw_task.o
 .debug_abbrev  0x00001731      0x214 ./raw-os/raw_task_0.o
 .debug_abbrev  0x00001945       0xe2 ./raw-os/raw_task_sem.o
 .debug_abbrev  0x00001a27      0x18a ./raw-os/raw_tick.o
 .debug_abbrev  0x00001bb1      0x1dc ./raw-os/raw_timer.o
 .debug_abbrev  0x00001d8d      0x13d ./libs/STM32F10x_StdPeriph_Driver/src/misc.o
 .debug_abbrev  0x00001eca      0x1cf ./libs/STM32F10x_StdPeriph_Driver/src/stm32f10x_gpio.o
 .debug_abbrev  0x00002099      0x1ce ./libs/STM32F10x_StdPeriph_Driver/src/stm32f10x_rcc.o
 .debug_abbrev  0x00002267       0x12 ./libs/CMSIS/CM3/DeviceSupport/ST/STM32F10x/startup/gcc_ride7/startup_stm32f10x_hd.o
 .debug_abbrev  0x00002279      0x18b ./libs/CMSIS/CM3/DeviceSupport/ST/STM32F10x/system_stm32f10x.o

.debug_loc      0x00000000     0x31f4
 .debug_loc     0x00000000      0x10c ./src/main.o
 .debug_loc     0x0000010c      0x10c ./rawport/port.o
 .debug_loc     0x00000218      0x184 ./rawport/port_hook.o
 .debug_loc     0x0000039c       0x70 ./rawport/user_extension.o
 .debug_loc     0x0000040c      0x188 ./raw-os/raw_event.o
 .debug_loc     0x00000594       0x38 ./raw-os/raw_idle.o
 .debug_loc     0x000005cc      0x268 ./raw-os/raw_mutex.o
 .debug_loc     0x00000834      0x498 ./raw-os/raw_pend.o
 .debug_loc     0x00000ccc      0x310 ./raw-os/raw_queue.o
 .debug_loc     0x00000fdc      0x2a0 ./raw-os/raw_queue_size.o
 .debug_loc     0x0000127c      0x144 ./raw-os/raw_sched.o
 .debug_loc     0x000013c0      0x268 ./raw-os/raw_sem.o
 .debug_loc     0x00001628       0x38 ./raw-os/raw_stat.o
 .debug_loc     0x00001660      0x17c ./raw-os/raw_system.o
 .debug_loc     0x000017dc      0x4c4 ./raw-os/raw_task.o
 .debug_loc     0x00001ca0      0x268 ./raw-os/raw_task_0.o
 .debug_loc     0x00001f08      0x118 ./raw-os/raw_task_sem.o
 .debug_loc     0x00002020      0x230 ./raw-os/raw_tick.o
 .debug_loc     0x00002250      0x304 ./raw-os/raw_timer.o
 .debug_loc     0x00002554      0x118 ./libs/STM32F10x_StdPeriph_Driver/src/misc.o
 .debug_loc     0x0000266c      0x3e4 ./libs/STM32F10x_StdPeriph_Driver/src/stm32f10x_gpio.o
 .debug_loc     0x00002a50      0x6dc ./libs/STM32F10x_StdPeriph_Driver/src/stm32f10x_rcc.o
 .debug_loc     0x0000312c       0xc8 ./libs/CMSIS/CM3/DeviceSupport/ST/STM32F10x/system_stm32f10x.o

.debug_aranges  0x00000000      0x9c8
 .debug_aranges
                0x00000000       0x40 ./src/main.o
 .debug_aranges
                0x00000040       0x20 ./rawport/context_gcc.o
 .debug_aranges
                0x00000060       0x40 ./rawport/port.o
 .debug_aranges
                0x000000a0       0x58 ./rawport/port_hook.o
 .debug_aranges
                0x000000f8       0x28 ./rawport/user_extension.o
 .debug_aranges
                0x00000120       0x50 ./raw-os/raw_event.o
 .debug_aranges
                0x00000170       0x20 ./raw-os/raw_idle.o
 .debug_aranges
                0x00000190       0x70 ./raw-os/raw_mutex.o
 .debug_aranges
                0x00000200       0x18 ./raw-os/raw_obj.o
 .debug_aranges
                0x00000218       0xc0 ./raw-os/raw_pend.o
 .debug_aranges
                0x000002d8       0x88 ./raw-os/raw_queue.o
 .debug_aranges
                0x00000360       0x78 ./raw-os/raw_queue_size.o
 .debug_aranges
                0x000003d8       0x48 ./raw-os/raw_sched.o
 .debug_aranges
                0x00000420       0x70 ./raw-os/raw_sem.o
 .debug_aranges
                0x00000490       0x20 ./raw-os/raw_stat.o
 .debug_aranges
                0x000004b0       0x50 ./raw-os/raw_system.o
 .debug_aranges
                0x00000500       0xc8 ./raw-os/raw_task.o
 .debug_aranges
                0x000005c8       0x70 ./raw-os/raw_task_0.o
 .debug_aranges
                0x00000638       0x40 ./raw-os/raw_task_sem.o
 .debug_aranges
                0x00000678       0x68 ./raw-os/raw_tick.o
 .debug_aranges
                0x000006e0       0x88 ./raw-os/raw_timer.o
 .debug_aranges
                0x00000768       0x40 ./libs/STM32F10x_StdPeriph_Driver/src/misc.o
 .debug_aranges
                0x000007a8       0xa8 ./libs/STM32F10x_StdPeriph_Driver/src/stm32f10x_gpio.o
 .debug_aranges
                0x00000850      0x118 ./libs/STM32F10x_StdPeriph_Driver/src/stm32f10x_rcc.o
 .debug_aranges
                0x00000968       0x28 ./libs/CMSIS/CM3/DeviceSupport/ST/STM32F10x/startup/gcc_ride7/startup_stm32f10x_hd.o
 .debug_aranges
                0x00000990       0x38 ./libs/CMSIS/CM3/DeviceSupport/ST/STM32F10x/system_stm32f10x.o

.debug_ranges   0x00000000      0x818
 .debug_ranges  0x00000000       0x30 ./src/main.o
 .debug_ranges  0x00000030       0x30 ./rawport/port.o
 .debug_ranges  0x00000060       0x48 ./rawport/port_hook.o
 .debug_ranges  0x000000a8       0x18 ./rawport/user_extension.o
 .debug_ranges  0x000000c0       0x40 ./raw-os/raw_event.o
 .debug_ranges  0x00000100       0x10 ./raw-os/raw_idle.o
 .debug_ranges  0x00000110       0x60 ./raw-os/raw_mutex.o
 .debug_ranges  0x00000170       0xb0 ./raw-os/raw_pend.o
 .debug_ranges  0x00000220       0x78 ./raw-os/raw_queue.o
 .debug_ranges  0x00000298       0x68 ./raw-os/raw_queue_size.o
 .debug_ranges  0x00000300       0x38 ./raw-os/raw_sched.o
 .debug_ranges  0x00000338       0x60 ./raw-os/raw_sem.o
 .debug_ranges  0x00000398       0x10 ./raw-os/raw_stat.o
 .debug_ranges  0x000003a8       0x40 ./raw-os/raw_system.o
 .debug_ranges  0x000003e8       0xb8 ./raw-os/raw_task.o
 .debug_ranges  0x000004a0       0x60 ./raw-os/raw_task_0.o
 .debug_ranges  0x00000500       0x30 ./raw-os/raw_task_sem.o
 .debug_ranges  0x00000530       0x58 ./raw-os/raw_tick.o
 .debug_ranges  0x00000588       0x78 ./raw-os/raw_timer.o
 .debug_ranges  0x00000600       0x30 ./libs/STM32F10x_StdPeriph_Driver/src/misc.o
 .debug_ranges  0x00000630       0x98 ./libs/STM32F10x_StdPeriph_Driver/src/stm32f10x_gpio.o
 .debug_ranges  0x000006c8      0x108 ./libs/STM32F10x_StdPeriph_Driver/src/stm32f10x_rcc.o
 .debug_ranges  0x000007d0       0x20 ./libs/CMSIS/CM3/DeviceSupport/ST/STM32F10x/startup/gcc_ride7/startup_stm32f10x_hd.o
 .debug_ranges  0x000007f0       0x28 ./libs/CMSIS/CM3/DeviceSupport/ST/STM32F10x/system_stm32f10x.o

.debug_macro    0x00000000     0xf34c
 .debug_macro   0x00000000      0x253 ./src/main.o
 .debug_macro   0x00000253      0x80e ./src/main.o
 .debug_macro   0x00000a61      0x22d ./src/main.o
 .debug_macro   0x00000c8e       0x10 ./src/main.o
 .debug_macro   0x00000c9e       0x1c ./src/main.o
 .debug_macro   0x00000cba       0x16 ./src/main.o
 .debug_macro   0x00000cd0       0x34 ./src/main.o
 .debug_macro   0x00000d04       0x68 ./src/main.o
 .debug_macro   0x00000d6c       0x10 ./src/main.o
 .debug_macro   0x00000d7c       0x11 ./src/main.o
 .debug_macro   0x00000d8d       0x16 ./src/main.o
 .debug_macro   0x00000da3       0x16 ./src/main.o
 .debug_macro   0x00000db9       0x1c ./src/main.o
 .debug_macro   0x00000dd5       0x1c ./src/main.o
 .debug_macro   0x00000df1       0x1c ./src/main.o
 .debug_macro   0x00000e0d       0x28 ./src/main.o
 .debug_macro   0x00000e35       0x2e ./src/main.o
 .debug_macro   0x00000e63       0x22 ./src/main.o
 .debug_macro   0x00000e85       0x16 ./src/main.o
 .debug_macro   0x00000e9b       0x6a ./src/main.o
 .debug_macro   0x00000f05       0x1c ./src/main.o
 .debug_macro   0x00000f21      0x1bc ./src/main.o
 .debug_macro   0x000010dd       0x16 ./src/main.o
 .debug_macro   0x000010f3      0x214 ./src/main.o
 .debug_macro   0x00001307       0x56 ./src/main.o
 .debug_macro   0x0000135d      0x6bd ./src/main.o
 .debug_macro   0x00001a1a     0x7e6d ./src/main.o
 .debug_macro   0x00009887       0x35 ./src/main.o
 .debug_macro   0x000098bc      0x2df ./src/main.o
 .debug_macro   0x00009b9b      0x144 ./src/main.o
 .debug_macro   0x00009cdf      0x3cf ./src/main.o
 .debug_macro   0x0000a0ae       0xc8 ./src/main.o
 .debug_macro   0x0000a176      0x17a ./src/main.o
 .debug_macro   0x0000a2f0       0xac ./src/main.o
 .debug_macro   0x0000a39c      0x3ad ./src/main.o
 .debug_macro   0x0000a749       0x9a ./src/main.o
 .debug_macro   0x0000a7e3      0x2cf ./src/main.o
 .debug_macro   0x0000aab2      0x279 ./src/main.o
 .debug_macro   0x0000ad2b      0x2ac ./src/main.o
 .debug_macro   0x0000afd7      0x2b1 ./src/main.o
 .debug_macro   0x0000b288       0x64 ./src/main.o
 .debug_macro   0x0000b2ec       0x82 ./src/main.o
 .debug_macro   0x0000b36e      0x3e2 ./src/main.o
 .debug_macro   0x0000b750       0x58 ./src/main.o
 .debug_macro   0x0000b7a8      0x341 ./src/main.o
 .debug_macro   0x0000bae9      0x2c4 ./src/main.o
 .debug_macro   0x0000bdad      0x711 ./src/main.o
 .debug_macro   0x0000c4be      0x220 ./src/main.o
 .debug_macro   0x0000c6de       0x34 ./src/main.o
 .debug_macro   0x0000c712       0x8b ./src/main.o
 .debug_macro   0x0000c79d       0xc4 ./src/main.o
 .debug_macro   0x0000c861      0x258 ./rawport/port.o
 .debug_macro   0x0000cab9       0x22 ./rawport/port.o
 .debug_macro   0x0000cadb      0x69f ./rawport/port.o
 .debug_macro   0x0000d17a      0x11e ./rawport/port_hook.o
 .debug_macro   0x0000d298      0x11e ./rawport/user_extension.o
 .debug_macro   0x0000d3b6      0x11e ./raw-os/raw_event.o
 .debug_macro   0x0000d4d4      0x11e ./raw-os/raw_idle.o
 .debug_macro   0x0000d5f2      0x11e ./raw-os/raw_mutex.o
 .debug_macro   0x0000d710      0x11e ./raw-os/raw_obj.o
 .debug_macro   0x0000d82e      0x11e ./raw-os/raw_pend.o
 .debug_macro   0x0000d94c      0x11e ./raw-os/raw_queue.o
 .debug_macro   0x0000da6a      0x11e ./raw-os/raw_queue_size.o
 .debug_macro   0x0000db88      0x11e ./raw-os/raw_sched.o
 .debug_macro   0x0000dca6      0x11e ./raw-os/raw_sem.o
 .debug_macro   0x0000ddc4      0x11e ./raw-os/raw_stat.o
 .debug_macro   0x0000dee2      0x11e ./raw-os/raw_system.o
 .debug_macro   0x0000e000      0x11e ./raw-os/raw_task.o
 .debug_macro   0x0000e11e      0x11e ./raw-os/raw_task_0.o
 .debug_macro   0x0000e23c      0x11e ./raw-os/raw_task_sem.o
 .debug_macro   0x0000e35a      0x11e ./raw-os/raw_tick.o
 .debug_macro   0x0000e478      0x11e ./raw-os/raw_timer.o
 .debug_macro   0x0000e596      0x155 ./libs/STM32F10x_StdPeriph_Driver/src/misc.o
 .debug_macro   0x0000e6eb       0x85 ./libs/STM32F10x_StdPeriph_Driver/src/misc.o
 .debug_macro   0x0000e770      0x19d ./libs/STM32F10x_StdPeriph_Driver/src/stm32f10x_gpio.o
 .debug_macro   0x0000e90d      0x2a6 ./libs/STM32F10x_StdPeriph_Driver/src/stm32f10x_gpio.o
 .debug_macro   0x0000ebb3      0x26b ./libs/STM32F10x_StdPeriph_Driver/src/stm32f10x_rcc.o
 .debug_macro   0x0000ee1e      0x3dc ./libs/STM32F10x_StdPeriph_Driver/src/stm32f10x_rcc.o
 .debug_macro   0x0000f1fa      0x152 ./libs/CMSIS/CM3/DeviceSupport/ST/STM32F10x/system_stm32f10x.o

.debug_line     0x00000000     0x61b8
 .debug_line    0x00000000      0x5b5 ./src/main.o
 .debug_line    0x000005b5       0x8f ./rawport/context_gcc.o
 .debug_line    0x00000644      0x5b3 ./rawport/port.o
 .debug_line    0x00000bf7      0x29f ./rawport/port_hook.o
 .debug_line    0x00000e96      0x29d ./rawport/user_extension.o
 .debug_line    0x00001133      0x3b5 ./raw-os/raw_event.o
 .debug_line    0x000014e8      0x24b ./raw-os/raw_idle.o
 .debug_line    0x00001733      0x4aa ./raw-os/raw_mutex.o
 .debug_line    0x00001bdd      0x220 ./raw-os/raw_obj.o
 .debug_line    0x00001dfd      0x45b ./raw-os/raw_pend.o
 .debug_line    0x00002258      0x519 ./raw-os/raw_queue.o
 .debug_line    0x00002771      0x4e3 ./raw-os/raw_queue_size.o
 .debug_line    0x00002c54      0x335 ./raw-os/raw_sched.o
 .debug_line    0x00002f89      0x459 ./raw-os/raw_sem.o
 .debug_line    0x000033e2      0x24c ./raw-os/raw_stat.o
 .debug_line    0x0000362e      0x320 ./raw-os/raw_system.o
 .debug_line    0x0000394e      0x6cf ./raw-os/raw_task.o
 .debug_line    0x0000401d      0x3a2 ./raw-os/raw_task_0.o
 .debug_line    0x000043bf      0x27f ./raw-os/raw_task_sem.o
 .debug_line    0x0000463e      0x363 ./raw-os/raw_tick.o
 .debug_line    0x000049a1      0x41e ./raw-os/raw_timer.o
 .debug_line    0x00004dbf      0x3d2 ./libs/STM32F10x_StdPeriph_Driver/src/misc.o
 .debug_line    0x00005191      0x533 ./libs/STM32F10x_StdPeriph_Driver/src/stm32f10x_gpio.o
 .debug_line    0x000056c4      0x642 ./libs/STM32F10x_StdPeriph_Driver/src/stm32f10x_rcc.o
 .debug_line    0x00005d06       0xb1 ./libs/CMSIS/CM3/DeviceSupport/ST/STM32F10x/startup/gcc_ride7/startup_stm32f10x_hd.o
 .debug_line    0x00005db7      0x401 ./libs/CMSIS/CM3/DeviceSupport/ST/STM32F10x/system_stm32f10x.o

.debug_str      0x00000000    0x523f3
 .debug_str     0x00000000    0x4eedc ./src/main.o
                              0x4efed (size before relaxing)
 .debug_str     0x0004eedc      0x675 ./rawport/port.o
                              0x4f1b7 (size before relaxing)
 .debug_str     0x0004f551       0xb9 ./rawport/port_hook.o
                               0x487b (size before relaxing)
 .debug_str     0x0004f60a       0x7d ./rawport/user_extension.o
                               0x4579 (size before relaxing)
 .debug_str     0x0004f687      0x8fd ./raw-os/raw_event.o
                               0x50f9 (size before relaxing)
 .debug_str     0x0004ff84       0x4e ./raw-os/raw_idle.o
                               0x452a (size before relaxing)
 .debug_str     0x0004ffd2      0x135 ./raw-os/raw_mutex.o
                               0x501e (size before relaxing)
 .debug_str     0x00050107      0x282 ./raw-os/raw_obj.o
                               0x4af6 (size before relaxing)
 .debug_str     0x00050389      0x256 ./raw-os/raw_pend.o
                               0x50d4 (size before relaxing)
 .debug_str     0x000505df      0x1d4 ./raw-os/raw_queue.o
                               0x51ce (size before relaxing)
 .debug_str     0x000507b3      0x167 ./raw-os/raw_queue_size.o
                               0x5198 (size before relaxing)
 .debug_str     0x0005091a       0x58 ./raw-os/raw_sched.o
                               0x4f06 (size before relaxing)
 .debug_str     0x00050972       0xf7 ./raw-os/raw_sem.o
                               0x5112 (size before relaxing)
 .debug_str     0x00050a69       0x36 ./raw-os/raw_stat.o
                               0x4805 (size before relaxing)
 .debug_str     0x00050a9f       0xa9 ./raw-os/raw_system.o
                               0x4f43 (size before relaxing)
 .debug_str     0x00050b48      0x230 ./raw-os/raw_task.o
                               0x52f2 (size before relaxing)
 .debug_str     0x00050d78      0x150 ./raw-os/raw_task_0.o
                               0x526c (size before relaxing)
 .debug_str     0x00050ec8       0x92 ./raw-os/raw_task_sem.o
                               0x48a7 (size before relaxing)
 .debug_str     0x00050f5a       0xc1 ./raw-os/raw_tick.o
                               0x5034 (size before relaxing)
 .debug_str     0x0005101b      0x1aa ./raw-os/raw_timer.o
                               0x510a (size before relaxing)
 .debug_str     0x000511c5      0x1b5 ./libs/STM32F10x_StdPeriph_Driver/src/misc.o
                              0x4cb71 (size before relaxing)
 .debug_str     0x0005137a      0x4a7 ./libs/STM32F10x_StdPeriph_Driver/src/stm32f10x_gpio.o
                              0x4cede (size before relaxing)
 .debug_str     0x00051821      0xaf2 ./libs/STM32F10x_StdPeriph_Driver/src/stm32f10x_rcc.o
                              0x4d4c4 (size before relaxing)
 .debug_str     0x00052313       0xe0 ./libs/CMSIS/CM3/DeviceSupport/ST/STM32F10x/system_stm32f10x.o
                              0x4ca99 (size before relaxing)

.comment        0x00000000       0x11
 .comment       0x00000000       0x11 ./src/main.o
                                 0x12 (size before relaxing)
 .comment       0x00000000       0x12 ./rawport/port.o
 .comment       0x00000000       0x12 ./rawport/port_hook.o
 .comment       0x00000000       0x12 ./rawport/user_extension.o
 .comment       0x00000000       0x12 ./raw-os/raw_event.o
 .comment       0x00000000       0x12 ./raw-os/raw_idle.o
 .comment       0x00000000       0x12 ./raw-os/raw_mutex.o
 .comment       0x00000000       0x12 ./raw-os/raw_obj.o
 .comment       0x00000000       0x12 ./raw-os/raw_pend.o
 .comment       0x00000000       0x12 ./raw-os/raw_queue.o
 .comment       0x00000000       0x12 ./raw-os/raw_queue_size.o
 .comment       0x00000000       0x12 ./raw-os/raw_sched.o
 .comment       0x00000000       0x12 ./raw-os/raw_sem.o
 .comment       0x00000000       0x12 ./raw-os/raw_stat.o
 .comment       0x00000000       0x12 ./raw-os/raw_system.o
 .comment       0x00000000       0x12 ./raw-os/raw_task.o
 .comment       0x00000000       0x12 ./raw-os/raw_task_0.o
 .comment       0x00000000       0x12 ./raw-os/raw_task_sem.o
 .comment       0x00000000       0x12 ./raw-os/raw_tick.o
 .comment       0x00000000       0x12 ./raw-os/raw_timer.o
 .comment       0x00000000       0x12 ./libs/STM32F10x_StdPeriph_Driver/src/misc.o
 .comment       0x00000000       0x12 ./libs/STM32F10x_StdPeriph_Driver/src/stm32f10x_gpio.o
 .comment       0x00000000       0x12 ./libs/STM32F10x_StdPeriph_Driver/src/stm32f10x_rcc.o
 .comment       0x00000000       0x12 ./libs/CMSIS/CM3/DeviceSupport/ST/STM32F10x/system_stm32f10x.o

.debug_frame    0x00000000     0x1cac
 .debug_frame   0x00000000       0xa8 ./src/main.o
 .debug_frame   0x000000a8       0xa4 ./rawport/port.o
 .debug_frame   0x0000014c       0xdc ./rawport/port_hook.o
 .debug_frame   0x00000228       0x48 ./rawport/user_extension.o
 .debug_frame   0x00000270       0xe8 ./raw-os/raw_event.o
 .debug_frame   0x00000358       0x30 ./raw-os/raw_idle.o
 .debug_frame   0x00000388      0x168 ./raw-os/raw_mutex.o
 .debug_frame   0x000004f0      0x29c ./raw-os/raw_pend.o
 .debug_frame   0x0000078c      0x1c8 ./raw-os/raw_queue.o
 .debug_frame   0x00000954      0x188 ./raw-os/raw_queue_size.o
 .debug_frame   0x00000adc       0xc4 ./raw-os/raw_sched.o
 .debug_frame   0x00000ba0      0x168 ./raw-os/raw_sem.o
 .debug_frame   0x00000d08       0x2c ./raw-os/raw_stat.o
 .debug_frame   0x00000d34       0xe8 ./raw-os/raw_system.o
 .debug_frame   0x00000e1c      0x2b8 ./raw-os/raw_task.o
 .debug_frame   0x000010d4      0x170 ./raw-os/raw_task_0.o
 .debug_frame   0x00001244       0xb0 ./raw-os/raw_task_sem.o
 .debug_frame   0x000012f4      0x144 ./raw-os/raw_tick.o
 .debug_frame   0x00001438      0x1c0 ./raw-os/raw_timer.o
 .debug_frame   0x000015f8       0x9c ./libs/STM32F10x_StdPeriph_Driver/src/misc.o
 .debug_frame   0x00001694      0x210 ./libs/STM32F10x_StdPeriph_Driver/src/stm32f10x_gpio.o
 .debug_frame   0x000018a4      0x388 ./libs/STM32F10x_StdPeriph_Driver/src/stm32f10x_rcc.o
 .debug_frame   0x00001c2c       0x80 ./libs/CMSIS/CM3/DeviceSupport/ST/STM32F10x/system_stm32f10x.o
